<?xml version="1.0" encoding="ISO-8859-1" ?>
<link_info>
   <banner>MSP430 Linker PC v21.6.1.LTS</banner>
   <copyright>Copyright (c) 2003-2018 Texas Instruments Incorporated</copyright>
   <link_time>0x69e72f77</link_time>
   <link_errors>0x1</link_errors>
   <output_file>Help.out</output_file>
   <input_file_list>
      <input_file id="fl-2">
         <path>.\</path>
         <kind>object</kind>
         <file>TA0.obj</file>
         <name>TA0.obj</name>
      </input_file>
      <input_file id="fl-3">
         <path>.\</path>
         <kind>object</kind>
         <file>TA1.obj</file>
         <name>TA1.obj</name>
      </input_file>
      <input_file id="fl-4">
         <path>.\</path>
         <kind>object</kind>
         <file>event.obj</file>
         <name>event.obj</name>
      </input_file>
      <input_file id="fl-5">
         <path>.\</path>
         <kind>object</kind>
         <file>main.obj</file>
         <name>main.obj</name>
      </input_file>
      <input_file id="fl-2d">
         <path>C:\Users\mi911tri\AppData\Local\Temp\</path>
         <kind>object</kind>
         <file>{4194B26E-C793-408F-AB49-FF39E72FB3E2}</file>
         <name>{4194B26E-C793-408F-AB49-FF39E72FB3E2}</name>
      </input_file>
      <input_file id="fl-c">
         <kind>object</kind>
         <file>&lt;internal&gt;</file>
         <name>&lt;internal&gt;</name>
      </input_file>
   </input_file_list>
   <object_component_list>
      <object_component id="oc-344">
         <name>.cinit..data.load</name>
         <load_address>0xc200</load_address>
         <run_address>0xc200</run_address>
         <size>0x8</size>
      </object_component>
      <object_component id="oc-342">
         <name>__TI_handler_table</name>
         <load_address>0xc208</load_address>
         <run_address>0xc208</run_address>
         <size>0x2</size>
      </object_component>
      <object_component id="oc-343">
         <name>__TI_cinit_table</name>
         <load_address>0xc20a</load_address>
         <run_address>0xc20a</run_address>
         <size>0x4</size>
      </object_component>
      <object_component id="oc-2e3">
         <name>.binit</name>
         <load_address>0xc20e</load_address>
         <run_address>0xc20e</run_address>
         <size>0x0</size>
      </object_component>
      <object_component id="oc-2d1">
         <name>.const:muster1$0</name>
         <load_address>0xc20e</load_address>
         <run_address>0xc20e</run_address>
         <size>0x6</size>
         <input_file_ref idref="fl-2"/>
      </object_component>
      <object_component id="oc-28d">
         <name>.text:TIMER1_A1_ISR</name>
         <load_address>0xc400</load_address>
         <run_address>0xc400</run_address>
         <size>0x1b0</size>
         <input_file_ref idref="fl-3"/>
      </object_component>
      <object_component id="oc-293">
         <name>.text:TIMER0_A1_ISR</name>
         <load_address>0xc5b0</load_address>
         <run_address>0xc5b0</run_address>
         <size>0x3e</size>
         <input_file_ref idref="fl-2"/>
      </object_component>
      <object_component id="oc-299">
         <name>.bss:var1$1</name>
         <uninitialized>true</uninitialized>
         <run_address>0x1c06</run_address>
         <size>0x4</size>
         <input_file_ref idref="fl-3"/>
      </object_component>
      <object_component id="oc-29f">
         <name>.bss:var2$1</name>
         <uninitialized>true</uninitialized>
         <run_address>0x1c0a</run_address>
         <size>0x4</size>
         <input_file_ref idref="fl-3"/>
      </object_component>
      <object_component id="oc-2a2">
         <name>.bss:var3$1</name>
         <uninitialized>true</uninitialized>
         <run_address>0x1c0e</run_address>
         <size>0x4</size>
         <input_file_ref idref="fl-3"/>
      </object_component>
      <object_component id="oc-2a5">
         <name>.bss:var4$1</name>
         <uninitialized>true</uninitialized>
         <run_address>0x1c12</run_address>
         <size>0x4</size>
         <input_file_ref idref="fl-3"/>
      </object_component>
      <object_component id="oc-2a8">
         <name>.bss:var5$1</name>
         <uninitialized>true</uninitialized>
         <run_address>0x1c16</run_address>
         <size>0x4</size>
         <input_file_ref idref="fl-3"/>
      </object_component>
      <object_component id="oc-2ab">
         <name>.bss:var6$1</name>
         <uninitialized>true</uninitialized>
         <run_address>0x1c1a</run_address>
         <size>0x4</size>
         <input_file_ref idref="fl-3"/>
      </object_component>
      <object_component id="oc-29c">
         <name>.bss:evn$2</name>
         <uninitialized>true</uninitialized>
         <run_address>0x1c00</run_address>
         <size>0x6</size>
         <input_file_ref idref="fl-4"/>
      </object_component>
      <object_component id="oc-2b4">
         <name>.data</name>
         <load_address>0x1c1e</load_address>
         <run_address>0x1c1e</run_address>
         <size>0x4</size>
         <input_file_ref idref="fl-2"/>
      </object_component>
      <object_component id="oc-6e">
         <name>.int40</name>
         <load_address>0xffe0</load_address>
         <run_address>0xffe0</run_address>
         <size>0x2</size>
         <input_file_ref idref="fl-2d"/>
      </object_component>
      <object_component id="oc-6f">
         <name>.int44</name>
         <load_address>0xffe8</load_address>
         <run_address>0xffe8</run_address>
         <size>0x2</size>
         <input_file_ref idref="fl-2d"/>
      </object_component>
      <object_component id="oc-2c6">
         <name>.debug_info</name>
         <load_address>0x0</load_address>
         <run_address>0x0</run_address>
         <size>0x5ff</size>
         <input_file_ref idref="fl-2d"/>
      </object_component>
      <object_component id="oc-2d2">
         <name>.debug_info</name>
         <load_address>0x5ff</load_address>
         <run_address>0x5ff</run_address>
         <size>0xb8</size>
         <input_file_ref idref="fl-2d"/>
      </object_component>
      <object_component id="oc-2b5">
         <name>.debug_info</name>
         <load_address>0x6b7</load_address>
         <run_address>0x6b7</run_address>
         <size>0xd4</size>
         <input_file_ref idref="fl-2d"/>
      </object_component>
      <object_component id="oc-29a">
         <name>.debug_info</name>
         <load_address>0x78b</load_address>
         <run_address>0x78b</run_address>
         <size>0xb2</size>
         <input_file_ref idref="fl-2d"/>
      </object_component>
      <object_component id="oc-2a0">
         <name>.debug_info</name>
         <load_address>0x83d</load_address>
         <run_address>0x83d</run_address>
         <size>0xb2</size>
         <input_file_ref idref="fl-2d"/>
      </object_component>
      <object_component id="oc-2a3">
         <name>.debug_info</name>
         <load_address>0x8ef</load_address>
         <run_address>0x8ef</run_address>
         <size>0xb2</size>
         <input_file_ref idref="fl-2d"/>
      </object_component>
      <object_component id="oc-2a6">
         <name>.debug_info</name>
         <load_address>0x9a1</load_address>
         <run_address>0x9a1</run_address>
         <size>0xb2</size>
         <input_file_ref idref="fl-2d"/>
      </object_component>
      <object_component id="oc-2a9">
         <name>.debug_info</name>
         <load_address>0xa53</load_address>
         <run_address>0xa53</run_address>
         <size>0xb2</size>
         <input_file_ref idref="fl-2d"/>
      </object_component>
      <object_component id="oc-2ac">
         <name>.debug_info</name>
         <load_address>0xb05</load_address>
         <run_address>0xb05</run_address>
         <size>0xb2</size>
         <input_file_ref idref="fl-2d"/>
      </object_component>
      <object_component id="oc-29d">
         <name>.debug_info</name>
         <load_address>0xbb7</load_address>
         <run_address>0xbb7</run_address>
         <size>0xb0</size>
         <input_file_ref idref="fl-2d"/>
      </object_component>
      <object_component id="oc-28f">
         <name>.debug_info</name>
         <load_address>0xc67</load_address>
         <run_address>0xc67</run_address>
         <size>0xfd</size>
         <input_file_ref idref="fl-2d"/>
      </object_component>
      <object_component id="oc-295">
         <name>.debug_info</name>
         <load_address>0xd64</load_address>
         <run_address>0xd64</run_address>
         <size>0xfb</size>
         <input_file_ref idref="fl-2d"/>
      </object_component>
      <object_component id="oc-2bf">
         <name>.debug_info</name>
         <load_address>0xe5f</load_address>
         <run_address>0xe5f</run_address>
         <size>0xc0</size>
         <input_file_ref idref="fl-2d"/>
      </object_component>
      <object_component id="oc-2d8">
         <name>.debug_info</name>
         <load_address>0xf1f</load_address>
         <run_address>0xf1f</run_address>
         <size>0x65</size>
         <input_file_ref idref="fl-2d"/>
      </object_component>
      <object_component id="oc-2af">
         <name>.debug_info</name>
         <load_address>0xf84</load_address>
         <run_address>0xf84</run_address>
         <size>0x84</size>
         <input_file_ref idref="fl-2d"/>
      </object_component>
      <object_component id="oc-2b8">
         <name>.debug_info</name>
         <load_address>0x1008</load_address>
         <run_address>0x1008</run_address>
         <size>0xc8</size>
         <input_file_ref idref="fl-2d"/>
      </object_component>
      <object_component id="oc-2dc">
         <name>.debug_info</name>
         <load_address>0x10d0</load_address>
         <run_address>0x10d0</run_address>
         <size>0x2c</size>
         <input_file_ref idref="fl-2d"/>
      </object_component>
      <object_component id="oc-345">
         <name>.debug_info</name>
         <load_address>0x10fc</load_address>
         <run_address>0x10fc</run_address>
         <size>0x92</size>
      </object_component>
      <object_component id="oc-2d7">
         <name>.debug_line</name>
         <load_address>0x0</load_address>
         <run_address>0x0</run_address>
         <size>0x5c</size>
         <input_file_ref idref="fl-2d"/>
      </object_component>
      <object_component id="oc-2e2">
         <name>.debug_line</name>
         <load_address>0x5c</load_address>
         <run_address>0x5c</run_address>
         <size>0x2c</size>
         <input_file_ref idref="fl-2d"/>
      </object_component>
      <object_component id="oc-2d5">
         <name>.debug_line</name>
         <load_address>0x88</load_address>
         <run_address>0x88</run_address>
         <size>0x2c</size>
         <input_file_ref idref="fl-2d"/>
      </object_component>
      <object_component id="oc-2be">
         <name>.debug_line</name>
         <load_address>0xb4</load_address>
         <run_address>0xb4</run_address>
         <size>0x2c</size>
         <input_file_ref idref="fl-2d"/>
      </object_component>
      <object_component id="oc-2c8">
         <name>.debug_line</name>
         <load_address>0xe0</load_address>
         <run_address>0xe0</run_address>
         <size>0x2c</size>
         <input_file_ref idref="fl-2d"/>
      </object_component>
      <object_component id="oc-2ca">
         <name>.debug_line</name>
         <load_address>0x10c</load_address>
         <run_address>0x10c</run_address>
         <size>0x2c</size>
         <input_file_ref idref="fl-2d"/>
      </object_component>
      <object_component id="oc-2cc">
         <name>.debug_line</name>
         <load_address>0x138</load_address>
         <run_address>0x138</run_address>
         <size>0x2c</size>
         <input_file_ref idref="fl-2d"/>
      </object_component>
      <object_component id="oc-2ce">
         <name>.debug_line</name>
         <load_address>0x164</load_address>
         <run_address>0x164</run_address>
         <size>0x2c</size>
         <input_file_ref idref="fl-2d"/>
      </object_component>
      <object_component id="oc-2d0">
         <name>.debug_line</name>
         <load_address>0x190</load_address>
         <run_address>0x190</run_address>
         <size>0x2c</size>
         <input_file_ref idref="fl-2d"/>
      </object_component>
      <object_component id="oc-2c5">
         <name>.debug_line</name>
         <load_address>0x1bc</load_address>
         <run_address>0x1bc</run_address>
         <size>0x2e</size>
         <input_file_ref idref="fl-2d"/>
      </object_component>
      <object_component id="oc-28e">
         <name>.debug_line</name>
         <load_address>0x1ea</load_address>
         <run_address>0x1ea</run_address>
         <size>0xbc</size>
         <input_file_ref idref="fl-2d"/>
      </object_component>
      <object_component id="oc-294">
         <name>.debug_line</name>
         <load_address>0x2a6</load_address>
         <run_address>0x2a6</run_address>
         <size>0x51</size>
         <input_file_ref idref="fl-2d"/>
      </object_component>
      <object_component id="oc-2c2">
         <name>.debug_line</name>
         <load_address>0x2f7</load_address>
         <run_address>0x2f7</run_address>
         <size>0x2c</size>
         <input_file_ref idref="fl-2d"/>
      </object_component>
      <object_component id="oc-2da">
         <name>.debug_line</name>
         <load_address>0x323</load_address>
         <run_address>0x323</run_address>
         <size>0x2e</size>
         <input_file_ref idref="fl-2d"/>
      </object_component>
      <object_component id="oc-2b2">
         <name>.debug_line</name>
         <load_address>0x351</load_address>
         <run_address>0x351</run_address>
         <size>0x20</size>
         <input_file_ref idref="fl-2d"/>
      </object_component>
      <object_component id="oc-2bb">
         <name>.debug_line</name>
         <load_address>0x371</load_address>
         <run_address>0x371</run_address>
         <size>0x2d</size>
         <input_file_ref idref="fl-2d"/>
      </object_component>
      <object_component id="oc-2df">
         <name>.debug_line</name>
         <load_address>0x39e</load_address>
         <run_address>0x39e</run_address>
         <size>0x2e</size>
         <input_file_ref idref="fl-2d"/>
      </object_component>
      <object_component id="oc-292">
         <name>.debug_frame</name>
         <load_address>0x0</load_address>
         <run_address>0x0</run_address>
         <size>0x44</size>
         <input_file_ref idref="fl-2d"/>
      </object_component>
      <object_component id="oc-298">
         <name>.debug_frame</name>
         <load_address>0x44</load_address>
         <run_address>0x44</run_address>
         <size>0x44</size>
         <input_file_ref idref="fl-2d"/>
      </object_component>
      <object_component id="oc-2d6">
         <name>.debug_abbrev</name>
         <load_address>0x0</load_address>
         <run_address>0x0</run_address>
         <size>0x9b</size>
         <input_file_ref idref="fl-2d"/>
      </object_component>
      <object_component id="oc-2e1">
         <name>.debug_abbrev</name>
         <load_address>0x9b</load_address>
         <run_address>0x9b</run_address>
         <size>0x25</size>
         <input_file_ref idref="fl-2d"/>
      </object_component>
      <object_component id="oc-2d4">
         <name>.debug_abbrev</name>
         <load_address>0xc0</load_address>
         <run_address>0xc0</run_address>
         <size>0x25</size>
         <input_file_ref idref="fl-2d"/>
      </object_component>
      <object_component id="oc-2bd">
         <name>.debug_abbrev</name>
         <load_address>0xe5</load_address>
         <run_address>0xe5</run_address>
         <size>0x25</size>
         <input_file_ref idref="fl-2d"/>
      </object_component>
      <object_component id="oc-2c7">
         <name>.debug_abbrev</name>
         <load_address>0x10a</load_address>
         <run_address>0x10a</run_address>
         <size>0x25</size>
         <input_file_ref idref="fl-2d"/>
      </object_component>
      <object_component id="oc-2c9">
         <name>.debug_abbrev</name>
         <load_address>0x12f</load_address>
         <run_address>0x12f</run_address>
         <size>0x25</size>
         <input_file_ref idref="fl-2d"/>
      </object_component>
      <object_component id="oc-2cb">
         <name>.debug_abbrev</name>
         <load_address>0x154</load_address>
         <run_address>0x154</run_address>
         <size>0x25</size>
         <input_file_ref idref="fl-2d"/>
      </object_component>
      <object_component id="oc-2cd">
         <name>.debug_abbrev</name>
         <load_address>0x179</load_address>
         <run_address>0x179</run_address>
         <size>0x25</size>
         <input_file_ref idref="fl-2d"/>
      </object_component>
      <object_component id="oc-2cf">
         <name>.debug_abbrev</name>
         <load_address>0x19e</load_address>
         <run_address>0x19e</run_address>
         <size>0x25</size>
         <input_file_ref idref="fl-2d"/>
      </object_component>
      <object_component id="oc-2c4">
         <name>.debug_abbrev</name>
         <load_address>0x1c3</load_address>
         <run_address>0x1c3</run_address>
         <size>0x25</size>
         <input_file_ref idref="fl-2d"/>
      </object_component>
      <object_component id="oc-2ae">
         <name>.debug_abbrev</name>
         <load_address>0x1e8</load_address>
         <run_address>0x1e8</run_address>
         <size>0x5f</size>
         <input_file_ref idref="fl-2d"/>
      </object_component>
      <object_component id="oc-2b7">
         <name>.debug_abbrev</name>
         <load_address>0x247</load_address>
         <run_address>0x247</run_address>
         <size>0x5f</size>
         <input_file_ref idref="fl-2d"/>
      </object_component>
      <object_component id="oc-2c1">
         <name>.debug_abbrev</name>
         <load_address>0x2a6</load_address>
         <run_address>0x2a6</run_address>
         <size>0x7d</size>
         <input_file_ref idref="fl-2d"/>
      </object_component>
      <object_component id="oc-2d9">
         <name>.debug_abbrev</name>
         <load_address>0x323</load_address>
         <run_address>0x323</run_address>
         <size>0x38</size>
         <input_file_ref idref="fl-2d"/>
      </object_component>
      <object_component id="oc-2b1">
         <name>.debug_abbrev</name>
         <load_address>0x35b</load_address>
         <run_address>0x35b</run_address>
         <size>0x1f</size>
         <input_file_ref idref="fl-2d"/>
      </object_component>
      <object_component id="oc-2ba">
         <name>.debug_abbrev</name>
         <load_address>0x37a</load_address>
         <run_address>0x37a</run_address>
         <size>0x24</size>
         <input_file_ref idref="fl-2d"/>
      </object_component>
      <object_component id="oc-2de">
         <name>.debug_abbrev</name>
         <load_address>0x39e</load_address>
         <run_address>0x39e</run_address>
         <size>0x24</size>
         <input_file_ref idref="fl-2d"/>
      </object_component>
      <object_component id="oc-346">
         <name>.debug_abbrev</name>
         <load_address>0x3c2</load_address>
         <run_address>0x3c2</run_address>
         <size>0xf</size>
      </object_component>
      <object_component id="oc-2c3">
         <name>.debug_str</name>
         <load_address>0x0</load_address>
         <run_address>0x0</run_address>
         <size>0xb4</size>
         <input_file_ref idref="fl-2d"/>
      </object_component>
      <object_component id="oc-2db">
         <name>.debug_str</name>
         <load_address>0xb4</load_address>
         <run_address>0xb4</run_address>
         <size>0x9d</size>
         <input_file_ref idref="fl-2d"/>
      </object_component>
      <object_component id="oc-2b3">
         <name>.debug_str</name>
         <load_address>0x151</load_address>
         <run_address>0x151</run_address>
         <size>0xfd</size>
         <input_file_ref idref="fl-2d"/>
      </object_component>
      <object_component id="oc-2bc">
         <name>.debug_str</name>
         <load_address>0x24e</load_address>
         <run_address>0x24e</run_address>
         <size>0xde</size>
         <input_file_ref idref="fl-2d"/>
      </object_component>
      <object_component id="oc-2e0">
         <name>.debug_str</name>
         <load_address>0x32c</load_address>
         <run_address>0x32c</run_address>
         <size>0x98</size>
         <input_file_ref idref="fl-2d"/>
      </object_component>
      <object_component id="oc-290">
         <name>.debug_aranges</name>
         <load_address>0x0</load_address>
         <run_address>0x0</run_address>
         <size>0x20</size>
         <input_file_ref idref="fl-2d"/>
      </object_component>
      <object_component id="oc-296">
         <name>.debug_aranges</name>
         <load_address>0x20</load_address>
         <run_address>0x20</run_address>
         <size>0x20</size>
         <input_file_ref idref="fl-2d"/>
      </object_component>
      <object_component id="oc-2d3">
         <name>.debug_pubnames</name>
         <load_address>0x0</load_address>
         <run_address>0x0</run_address>
         <size>0x1e</size>
         <input_file_ref idref="fl-2d"/>
      </object_component>
      <object_component id="oc-2b6">
         <name>.debug_pubnames</name>
         <load_address>0x1e</load_address>
         <run_address>0x1e</run_address>
         <size>0x28</size>
         <input_file_ref idref="fl-2d"/>
      </object_component>
      <object_component id="oc-29b">
         <name>.debug_pubnames</name>
         <load_address>0x46</load_address>
         <run_address>0x46</run_address>
         <size>0x1b</size>
         <input_file_ref idref="fl-2d"/>
      </object_component>
      <object_component id="oc-2a1">
         <name>.debug_pubnames</name>
         <load_address>0x61</load_address>
         <run_address>0x61</run_address>
         <size>0x1b</size>
         <input_file_ref idref="fl-2d"/>
      </object_component>
      <object_component id="oc-2a4">
         <name>.debug_pubnames</name>
         <load_address>0x7c</load_address>
         <run_address>0x7c</run_address>
         <size>0x1b</size>
         <input_file_ref idref="fl-2d"/>
      </object_component>
      <object_component id="oc-2a7">
         <name>.debug_pubnames</name>
         <load_address>0x97</load_address>
         <run_address>0x97</run_address>
         <size>0x1b</size>
         <input_file_ref idref="fl-2d"/>
      </object_component>
      <object_component id="oc-2aa">
         <name>.debug_pubnames</name>
         <load_address>0xb2</load_address>
         <run_address>0xb2</run_address>
         <size>0x1b</size>
         <input_file_ref idref="fl-2d"/>
      </object_component>
      <object_component id="oc-2ad">
         <name>.debug_pubnames</name>
         <load_address>0xcd</load_address>
         <run_address>0xcd</run_address>
         <size>0x1b</size>
         <input_file_ref idref="fl-2d"/>
      </object_component>
      <object_component id="oc-29e">
         <name>.debug_pubnames</name>
         <load_address>0xe8</load_address>
         <run_address>0xe8</run_address>
         <size>0x1a</size>
         <input_file_ref idref="fl-2d"/>
      </object_component>
      <object_component id="oc-291">
         <name>.debug_pubnames</name>
         <load_address>0x102</load_address>
         <run_address>0x102</run_address>
         <size>0x24</size>
         <input_file_ref idref="fl-2d"/>
      </object_component>
      <object_component id="oc-297">
         <name>.debug_pubnames</name>
         <load_address>0x126</load_address>
         <run_address>0x126</run_address>
         <size>0x24</size>
         <input_file_ref idref="fl-2d"/>
      </object_component>
      <object_component id="oc-2c0">
         <name>.debug_pubtypes</name>
         <load_address>0x0</load_address>
         <run_address>0x0</run_address>
         <size>0x1d</size>
         <input_file_ref idref="fl-2d"/>
      </object_component>
      <object_component id="oc-2b0">
         <name>.debug_pubtypes</name>
         <load_address>0x1d</load_address>
         <run_address>0x1d</run_address>
         <size>0xed</size>
         <input_file_ref idref="fl-2d"/>
      </object_component>
      <object_component id="oc-2b9">
         <name>.debug_pubtypes</name>
         <load_address>0x10a</load_address>
         <run_address>0x10a</run_address>
         <size>0x94</size>
         <input_file_ref idref="fl-2d"/>
      </object_component>
      <object_component id="oc-2dd">
         <name>.debug_pubtypes</name>
         <load_address>0x19e</load_address>
         <run_address>0x19e</run_address>
         <size>0x1d</size>
         <input_file_ref idref="fl-2d"/>
      </object_component>
   </object_component_list>
   <logical_group_list>
      <logical_group id="lg-4" display="no" color="cyan">
         <name>.TI.persistent</name>
         <run_address>0xc200</run_address>
         <size>0x0</size>
         <contents>
         </contents>
      </logical_group>
      <logical_group id="lg-5" display="no" color="cyan">
         <name>.cio</name>
         <run_address>0xc200</run_address>
         <size>0x0</size>
         <contents>
         </contents>
      </logical_group>
      <logical_group id="lg-6" display="no" color="cyan">
         <name>.sysmem</name>
         <run_address>0xc200</run_address>
         <size>0x0</size>
         <contents>
         </contents>
      </logical_group>
      <logical_group id="lg-3" display="no" color="cyan">
         <name>READ_WRITE_MEMORY</name>
         <run_address>0xc200</run_address>
         <size>0x0</size>
         <contents>
            <logical_group_ref idref="lg-4"/>
            <logical_group_ref idref="lg-5"/>
            <logical_group_ref idref="lg-6"/>
         </contents>
      </logical_group>
      <logical_group id="lg-8" display="no" color="cyan">
         <name>.cinit</name>
         <load_address>0xc200</load_address>
         <run_address>0xc200</run_address>
         <size>0xe</size>
         <contents>
            <object_component_ref idref="oc-344"/>
            <object_component_ref idref="oc-342"/>
            <object_component_ref idref="oc-343"/>
         </contents>
      </logical_group>
      <logical_group id="lg-9" display="no" color="cyan">
         <name>.pinit</name>
         <run_address>0xc20e</run_address>
         <size>0x0</size>
         <contents>
         </contents>
      </logical_group>
      <logical_group id="lg-a" display="no" color="cyan">
         <name>.binit</name>
         <load_address>0xc20e</load_address>
         <run_address>0xc20e</run_address>
         <size>0x0</size>
         <contents>
            <object_component_ref idref="oc-2e3"/>
         </contents>
      </logical_group>
      <logical_group id="lg-b" display="no" color="cyan">
         <name>.init_array</name>
         <run_address>0xc20e</run_address>
         <size>0x0</size>
         <contents>
         </contents>
      </logical_group>
      <logical_group id="lg-c" display="no" color="cyan">
         <name>.mspabi.exidx</name>
         <run_address>0xc20e</run_address>
         <size>0x0</size>
         <contents>
         </contents>
      </logical_group>
      <logical_group id="lg-d" display="no" color="cyan">
         <name>.mspabi.extab</name>
         <run_address>0xc20e</run_address>
         <size>0x0</size>
         <contents>
         </contents>
      </logical_group>
      <logical_group id="lg-e" display="no" color="cyan">
         <name>.const</name>
         <load_address>0xc20e</load_address>
         <run_address>0xc20e</run_address>
         <size>0x6</size>
         <contents>
            <object_component_ref idref="oc-2d1"/>
         </contents>
      </logical_group>
      <logical_group id="lg-7" display="no" color="cyan">
         <name>READ_ONLY_MEMORY</name>
         <load_address>0xc200</load_address>
         <run_address>0xc200</run_address>
         <size>0x14</size>
         <contents>
            <logical_group_ref idref="lg-8"/>
            <logical_group_ref idref="lg-9"/>
            <logical_group_ref idref="lg-a"/>
            <logical_group_ref idref="lg-b"/>
            <logical_group_ref idref="lg-c"/>
            <logical_group_ref idref="lg-d"/>
            <logical_group_ref idref="lg-e"/>
         </contents>
      </logical_group>
      <logical_group id="lg-10" display="no" color="cyan">
         <name>.text</name>
         <load_address>0xc400</load_address>
         <run_address>0xc400</run_address>
         <size>0x1ee</size>
         <contents>
            <object_component_ref idref="oc-28d"/>
            <object_component_ref idref="oc-293"/>
         </contents>
      </logical_group>
      <logical_group id="lg-f" display="no" color="cyan">
         <name>EXECUTABLE_MEMORY</name>
         <load_address>0xc400</load_address>
         <run_address>0xc400</run_address>
         <size>0x1ee</size>
         <contents>
            <logical_group_ref idref="lg-10"/>
         </contents>
      </logical_group>
      <logical_group id="lg-2" display="no" color="cyan">
         <name>ALL_FRAM</name>
         <load_address>0xc200</load_address>
         <run_address>0xc200</run_address>
         <size>0x3ee</size>
         <contents>
            <logical_group_ref idref="lg-3"/>
            <logical_group_ref idref="lg-7"/>
            <logical_group_ref idref="lg-f"/>
         </contents>
      </logical_group>
      <logical_group id="lg-11" display="no" color="cyan">
         <name>.TI.ramfunc</name>
         <run_address>0x0</run_address>
         <size>0x0</size>
         <contents>
         </contents>
      </logical_group>
      <logical_group id="lg-12" display="no" color="cyan">
         <name>.jtagsignature</name>
         <run_address>0x0</run_address>
         <size>0x0</size>
         <contents>
         </contents>
      </logical_group>
      <logical_group id="lg-13" display="no" color="cyan">
         <name>.bslsignature</name>
         <run_address>0x0</run_address>
         <size>0x0</size>
         <contents>
         </contents>
      </logical_group>
      <logical_group id="lg-15" display="no" color="cyan">
         <name>.ipesignature</name>
         <run_address>0x0</run_address>
         <size>0x0</size>
         <contents>
         </contents>
      </logical_group>
      <logical_group id="lg-16" display="no" color="cyan">
         <name>.jtagpassword</name>
         <run_address>0x0</run_address>
         <size>0x0</size>
         <contents>
         </contents>
      </logical_group>
      <logical_group id="lg-14" display="no" color="cyan">
         <name>SIGNATURE_SHAREDMEMORY</name>
         <run_address>0x0</run_address>
         <size>0x0</size>
         <contents>
            <logical_group_ref idref="lg-15"/>
            <logical_group_ref idref="lg-16"/>
         </contents>
      </logical_group>
      <logical_group id="lg-17" display="no" color="cyan">
         <name>.bss</name>
         <run_address>0x1c00</run_address>
         <size>0x1e</size>
         <contents>
            <object_component_ref idref="oc-299"/>
            <object_component_ref idref="oc-29f"/>
            <object_component_ref idref="oc-2a2"/>
            <object_component_ref idref="oc-2a5"/>
            <object_component_ref idref="oc-2a8"/>
            <object_component_ref idref="oc-2ab"/>
            <object_component_ref idref="oc-29c"/>
         </contents>
      </logical_group>
      <logical_group id="lg-18" display="no" color="cyan">
         <name>.data</name>
         <run_address>0x1c1e</run_address>
         <size>0x4</size>
         <contents>
            <object_component_ref idref="oc-2b4"/>
         </contents>
      </logical_group>
      <logical_group id="lg-19" display="no" color="cyan">
         <name>.TI.noinit</name>
         <run_address>0x0</run_address>
         <size>0x0</size>
         <contents>
         </contents>
      </logical_group>
      <logical_group id="lg-1a" display="no" color="cyan">
         <name>.stack</name>
         <run_address>0x0</run_address>
         <size>0x0</size>
         <contents>
         </contents>
      </logical_group>
      <logical_group id="lg-1b" display="no" color="cyan">
         <name>.infoA</name>
         <run_address>0x0</run_address>
         <size>0x0</size>
         <contents>
         </contents>
      </logical_group>
      <logical_group id="lg-1c" display="no" color="cyan">
         <name>.infoB</name>
         <run_address>0x0</run_address>
         <size>0x0</size>
         <contents>
         </contents>
      </logical_group>
      <logical_group id="lg-1d" display="no" color="cyan">
         <name>.int00</name>
         <run_address>0x0</run_address>
         <size>0x0</size>
         <contents>
         </contents>
      </logical_group>
      <logical_group id="lg-1e" display="no" color="cyan">
         <name>.int01</name>
         <run_address>0x0</run_address>
         <size>0x0</size>
         <contents>
         </contents>
      </logical_group>
      <logical_group id="lg-1f" display="no" color="cyan">
         <name>.int02</name>
         <run_address>0x0</run_address>
         <size>0x0</size>
         <contents>
         </contents>
      </logical_group>
      <logical_group id="lg-20" display="no" color="cyan">
         <name>.int03</name>
         <run_address>0x0</run_address>
         <size>0x0</size>
         <contents>
         </contents>
      </logical_group>
      <logical_group id="lg-21" display="no" color="cyan">
         <name>.int04</name>
         <run_address>0x0</run_address>
         <size>0x0</size>
         <contents>
         </contents>
      </logical_group>
      <logical_group id="lg-22" display="no" color="cyan">
         <name>.int05</name>
         <run_address>0x0</run_address>
         <size>0x0</size>
         <contents>
         </contents>
      </logical_group>
      <logical_group id="lg-23" display="no" color="cyan">
         <name>.int06</name>
         <run_address>0x0</run_address>
         <size>0x0</size>
         <contents>
         </contents>
      </logical_group>
      <logical_group id="lg-24" display="no" color="cyan">
         <name>.int07</name>
         <run_address>0x0</run_address>
         <size>0x0</size>
         <contents>
         </contents>
      </logical_group>
      <logical_group id="lg-25" display="no" color="cyan">
         <name>.int08</name>
         <run_address>0x0</run_address>
         <size>0x0</size>
         <contents>
         </contents>
      </logical_group>
      <logical_group id="lg-26" display="no" color="cyan">
         <name>.int09</name>
         <run_address>0x0</run_address>
         <size>0x0</size>
         <contents>
         </contents>
      </logical_group>
      <logical_group id="lg-27" display="no" color="cyan">
         <name>.int10</name>
         <run_address>0x0</run_address>
         <size>0x0</size>
         <contents>
         </contents>
      </logical_group>
      <logical_group id="lg-28" display="no" color="cyan">
         <name>.int11</name>
         <run_address>0x0</run_address>
         <size>0x0</size>
         <contents>
         </contents>
      </logical_group>
      <logical_group id="lg-29" display="no" color="cyan">
         <name>.int12</name>
         <run_address>0x0</run_address>
         <size>0x0</size>
         <contents>
         </contents>
      </logical_group>
      <logical_group id="lg-2a" display="no" color="cyan">
         <name>.int13</name>
         <run_address>0x0</run_address>
         <size>0x0</size>
         <contents>
         </contents>
      </logical_group>
      <logical_group id="lg-2b" display="no" color="cyan">
         <name>.int14</name>
         <run_address>0x0</run_address>
         <size>0x0</size>
         <contents>
         </contents>
      </logical_group>
      <logical_group id="lg-2c" display="no" color="cyan">
         <name>.int15</name>
         <run_address>0x0</run_address>
         <size>0x0</size>
         <contents>
         </contents>
      </logical_group>
      <logical_group id="lg-2d" display="no" color="cyan">
         <name>.int16</name>
         <run_address>0x0</run_address>
         <size>0x0</size>
         <contents>
         </contents>
      </logical_group>
      <logical_group id="lg-2e" display="no" color="cyan">
         <name>.int17</name>
         <run_address>0x0</run_address>
         <size>0x0</size>
         <contents>
         </contents>
      </logical_group>
      <logical_group id="lg-2f" display="no" color="cyan">
         <name>.int18</name>
         <run_address>0x0</run_address>
         <size>0x0</size>
         <contents>
         </contents>
      </logical_group>
      <logical_group id="lg-30" display="no" color="cyan">
         <name>.int19</name>
         <run_address>0x0</run_address>
         <size>0x0</size>
         <contents>
         </contents>
      </logical_group>
      <logical_group id="lg-31" display="no" color="cyan">
         <name>.int20</name>
         <run_address>0x0</run_address>
         <size>0x0</size>
         <contents>
         </contents>
      </logical_group>
      <logical_group id="lg-32" display="no" color="cyan">
         <name>.int21</name>
         <run_address>0x0</run_address>
         <size>0x0</size>
         <contents>
         </contents>
      </logical_group>
      <logical_group id="lg-33" display="no" color="cyan">
         <name>.int22</name>
         <run_address>0x0</run_address>
         <size>0x0</size>
         <contents>
         </contents>
      </logical_group>
      <logical_group id="lg-34" display="no" color="cyan">
         <name>.int23</name>
         <run_address>0x0</run_address>
         <size>0x0</size>
         <contents>
         </contents>
      </logical_group>
      <logical_group id="lg-35" display="no" color="cyan">
         <name>.int24</name>
         <run_address>0x0</run_address>
         <size>0x0</size>
         <contents>
         </contents>
      </logical_group>
      <logical_group id="lg-36" display="no" color="cyan">
         <name>.int25</name>
         <run_address>0x0</run_address>
         <size>0x0</size>
         <contents>
         </contents>
      </logical_group>
      <logical_group id="lg-37" display="no" color="cyan">
         <name>.int26</name>
         <run_address>0x0</run_address>
         <size>0x0</size>
         <contents>
         </contents>
      </logical_group>
      <logical_group id="lg-38" display="no" color="cyan">
         <name>.int27</name>
         <run_address>0x0</run_address>
         <size>0x0</size>
         <contents>
         </contents>
      </logical_group>
      <logical_group id="lg-39" display="no" color="cyan">
         <name>.int28</name>
         <run_address>0x0</run_address>
         <size>0x0</size>
         <contents>
         </contents>
      </logical_group>
      <logical_group id="lg-3a" display="no" color="cyan">
         <name>.int29</name>
         <run_address>0x0</run_address>
         <size>0x0</size>
         <contents>
         </contents>
      </logical_group>
      <logical_group id="lg-3b" display="no" color="cyan">
         <name>.int30</name>
         <run_address>0x0</run_address>
         <size>0x0</size>
         <contents>
         </contents>
      </logical_group>
      <logical_group id="lg-3c" display="no" color="cyan">
         <name>RTC</name>
         <run_address>0x0</run_address>
         <size>0x0</size>
         <contents>
         </contents>
      </logical_group>
      <logical_group id="lg-3e" display="no" color="cyan">
         <name>PORT4</name>
         <run_address>0x0</run_address>
         <size>0x0</size>
         <contents>
         </contents>
      </logical_group>
      <logical_group id="lg-40" display="no" color="cyan">
         <name>PORT3</name>
         <run_address>0x0</run_address>
         <size>0x0</size>
         <contents>
         </contents>
      </logical_group>
      <logical_group id="lg-42" display="no" color="cyan">
         <name>TIMER2_B1</name>
         <run_address>0x0</run_address>
         <size>0x0</size>
         <contents>
         </contents>
      </logical_group>
      <logical_group id="lg-44" display="no" color="cyan">
         <name>TIMER2_B0</name>
         <run_address>0x0</run_address>
         <size>0x0</size>
         <contents>
         </contents>
      </logical_group>
      <logical_group id="lg-46" display="no" color="cyan">
         <name>PORT2</name>
         <run_address>0x0</run_address>
         <size>0x0</size>
         <contents>
         </contents>
      </logical_group>
      <logical_group id="lg-48" display="no" color="cyan">
         <name>TIMER1_B1</name>
         <run_address>0x0</run_address>
         <size>0x0</size>
         <contents>
         </contents>
      </logical_group>
      <logical_group id="lg-4a" display="no" color="cyan">
         <name>TIMER1_B0</name>
         <run_address>0x0</run_address>
         <size>0x0</size>
         <contents>
         </contents>
      </logical_group>
      <logical_group id="lg-4c" display="no" color="cyan">
         <name>PORT1</name>
         <run_address>0x0</run_address>
         <size>0x0</size>
         <contents>
         </contents>
      </logical_group>
      <logical_group id="lg-4e" display="no" color="cyan">
         <name>TIMER1_A1</name>
         <load_address>0xffe0</load_address>
         <run_address>0xffe0</run_address>
         <size>0x2</size>
         <contents>
            <object_component_ref idref="oc-6e"/>
         </contents>
      </logical_group>
      <logical_group id="lg-50" display="no" color="cyan">
         <name>TIMER1_A0</name>
         <run_address>0x0</run_address>
         <size>0x0</size>
         <contents>
         </contents>
      </logical_group>
      <logical_group id="lg-52" display="no" color="cyan">
         <name>DMA</name>
         <run_address>0x0</run_address>
         <size>0x0</size>
         <contents>
         </contents>
      </logical_group>
      <logical_group id="lg-54" display="no" color="cyan">
         <name>USCI_A1</name>
         <run_address>0x0</run_address>
         <size>0x0</size>
         <contents>
         </contents>
      </logical_group>
      <logical_group id="lg-56" display="no" color="cyan">
         <name>TIMER0_A1</name>
         <load_address>0xffe8</load_address>
         <run_address>0xffe8</run_address>
         <size>0x2</size>
         <contents>
            <object_component_ref idref="oc-6f"/>
         </contents>
      </logical_group>
      <logical_group id="lg-58" display="no" color="cyan">
         <name>TIMER0_A0</name>
         <run_address>0x0</run_address>
         <size>0x0</size>
         <contents>
         </contents>
      </logical_group>
      <logical_group id="lg-5a" display="no" color="cyan">
         <name>ADC10</name>
         <run_address>0x0</run_address>
         <size>0x0</size>
         <contents>
         </contents>
      </logical_group>
      <logical_group id="lg-5c" display="no" color="cyan">
         <name>USCI_B0</name>
         <run_address>0x0</run_address>
         <size>0x0</size>
         <contents>
         </contents>
      </logical_group>
      <logical_group id="lg-5e" display="no" color="cyan">
         <name>USCI_A0</name>
         <run_address>0x0</run_address>
         <size>0x0</size>
         <contents>
         </contents>
      </logical_group>
      <logical_group id="lg-60" display="no" color="cyan">
         <name>WDT</name>
         <run_address>0x0</run_address>
         <size>0x0</size>
         <contents>
         </contents>
      </logical_group>
      <logical_group id="lg-62" display="no" color="cyan">
         <name>TIMER0_B1</name>
         <run_address>0x0</run_address>
         <size>0x0</size>
         <contents>
         </contents>
      </logical_group>
      <logical_group id="lg-64" display="no" color="cyan">
         <name>TIMER0_B0</name>
         <run_address>0x0</run_address>
         <size>0x0</size>
         <contents>
         </contents>
      </logical_group>
      <logical_group id="lg-66" display="no" color="cyan">
         <name>COMP_D</name>
         <run_address>0x0</run_address>
         <size>0x0</size>
         <contents>
         </contents>
      </logical_group>
      <logical_group id="lg-68" display="no" color="cyan">
         <name>UNMI</name>
         <run_address>0x0</run_address>
         <size>0x0</size>
         <contents>
         </contents>
      </logical_group>
      <logical_group id="lg-6a" display="no" color="cyan">
         <name>SYSNMI</name>
         <run_address>0x0</run_address>
         <size>0x0</size>
         <contents>
         </contents>
      </logical_group>
      <logical_group id="lg-6c" display="no" color="cyan">
         <name>.reset</name>
         <run_address>0x0</run_address>
         <size>0x0</size>
         <contents>
         </contents>
      </logical_group>
      <logical_group id="lg-332" display="never" color="cyan">
         <name>.debug_info</name>
         <load_address>0x0</load_address>
         <run_address>0x0</run_address>
         <size>0x118e</size>
         <contents>
            <object_component_ref idref="oc-2c6"/>
            <object_component_ref idref="oc-2d2"/>
            <object_component_ref idref="oc-2b5"/>
            <object_component_ref idref="oc-29a"/>
            <object_component_ref idref="oc-2a0"/>
            <object_component_ref idref="oc-2a3"/>
            <object_component_ref idref="oc-2a6"/>
            <object_component_ref idref="oc-2a9"/>
            <object_component_ref idref="oc-2ac"/>
            <object_component_ref idref="oc-29d"/>
            <object_component_ref idref="oc-28f"/>
            <object_component_ref idref="oc-295"/>
            <object_component_ref idref="oc-2bf"/>
            <object_component_ref idref="oc-2d8"/>
            <object_component_ref idref="oc-2af"/>
            <object_component_ref idref="oc-2b8"/>
            <object_component_ref idref="oc-2dc"/>
            <object_component_ref idref="oc-345"/>
         </contents>
      </logical_group>
      <logical_group id="lg-334" display="never" color="cyan">
         <name>.debug_line</name>
         <load_address>0x0</load_address>
         <run_address>0x0</run_address>
         <size>0x3cc</size>
         <contents>
            <object_component_ref idref="oc-2d7"/>
            <object_component_ref idref="oc-2e2"/>
            <object_component_ref idref="oc-2d5"/>
            <object_component_ref idref="oc-2be"/>
            <object_component_ref idref="oc-2c8"/>
            <object_component_ref idref="oc-2ca"/>
            <object_component_ref idref="oc-2cc"/>
            <object_component_ref idref="oc-2ce"/>
            <object_component_ref idref="oc-2d0"/>
            <object_component_ref idref="oc-2c5"/>
            <object_component_ref idref="oc-28e"/>
            <object_component_ref idref="oc-294"/>
            <object_component_ref idref="oc-2c2"/>
            <object_component_ref idref="oc-2da"/>
            <object_component_ref idref="oc-2b2"/>
            <object_component_ref idref="oc-2bb"/>
            <object_component_ref idref="oc-2df"/>
         </contents>
      </logical_group>
      <logical_group id="lg-336" display="never" color="cyan">
         <name>.debug_frame</name>
         <load_address>0x0</load_address>
         <run_address>0x0</run_address>
         <size>0x88</size>
         <contents>
            <object_component_ref idref="oc-292"/>
            <object_component_ref idref="oc-298"/>
         </contents>
      </logical_group>
      <logical_group id="lg-338" display="never" color="cyan">
         <name>.debug_abbrev</name>
         <load_address>0x0</load_address>
         <run_address>0x0</run_address>
         <size>0x3d1</size>
         <contents>
            <object_component_ref idref="oc-2d6"/>
            <object_component_ref idref="oc-2e1"/>
            <object_component_ref idref="oc-2d4"/>
            <object_component_ref idref="oc-2bd"/>
            <object_component_ref idref="oc-2c7"/>
            <object_component_ref idref="oc-2c9"/>
            <object_component_ref idref="oc-2cb"/>
            <object_component_ref idref="oc-2cd"/>
            <object_component_ref idref="oc-2cf"/>
            <object_component_ref idref="oc-2c4"/>
            <object_component_ref idref="oc-2ae"/>
            <object_component_ref idref="oc-2b7"/>
            <object_component_ref idref="oc-2c1"/>
            <object_component_ref idref="oc-2d9"/>
            <object_component_ref idref="oc-2b1"/>
            <object_component_ref idref="oc-2ba"/>
            <object_component_ref idref="oc-2de"/>
            <object_component_ref idref="oc-346"/>
         </contents>
      </logical_group>
      <logical_group id="lg-33a" display="never" color="cyan">
         <name>.debug_str</name>
         <load_address>0x0</load_address>
         <run_address>0x0</run_address>
         <size>0x3c4</size>
         <contents>
            <object_component_ref idref="oc-2c3"/>
            <object_component_ref idref="oc-2db"/>
            <object_component_ref idref="oc-2b3"/>
            <object_component_ref idref="oc-2bc"/>
            <object_component_ref idref="oc-2e0"/>
         </contents>
      </logical_group>
      <logical_group id="lg-33c" display="never" color="cyan">
         <name>.debug_aranges</name>
         <load_address>0x0</load_address>
         <run_address>0x0</run_address>
         <size>0x40</size>
         <contents>
            <object_component_ref idref="oc-290"/>
            <object_component_ref idref="oc-296"/>
         </contents>
      </logical_group>
      <logical_group id="lg-33e" display="never" color="cyan">
         <name>.debug_pubnames</name>
         <load_address>0x0</load_address>
         <run_address>0x0</run_address>
         <size>0x14a</size>
         <contents>
            <object_component_ref idref="oc-2d3"/>
            <object_component_ref idref="oc-2b6"/>
            <object_component_ref idref="oc-29b"/>
            <object_component_ref idref="oc-2a1"/>
            <object_component_ref idref="oc-2a4"/>
            <object_component_ref idref="oc-2a7"/>
            <object_component_ref idref="oc-2aa"/>
            <object_component_ref idref="oc-2ad"/>
            <object_component_ref idref="oc-29e"/>
            <object_component_ref idref="oc-291"/>
            <object_component_ref idref="oc-297"/>
         </contents>
      </logical_group>
      <logical_group id="lg-340" display="never" color="cyan">
         <name>.debug_pubtypes</name>
         <load_address>0x0</load_address>
         <run_address>0x0</run_address>
         <size>0x1bb</size>
         <contents>
            <object_component_ref idref="oc-2c0"/>
            <object_component_ref idref="oc-2b0"/>
            <object_component_ref idref="oc-2b9"/>
            <object_component_ref idref="oc-2dd"/>
         </contents>
      </logical_group>
      <logical_group id="lg-347" display="no" color="cyan">
         <name>$fill000</name>
         <load_address>0xff80</load_address>
         <run_address>0xff80</run_address>
         <size>0x4</size>
         <contents>
         </contents>
      </logical_group>
      <logical_group id="lg-349" display="no" color="cyan">
         <name>$fill001</name>
         <load_address>0xff84</load_address>
         <run_address>0xff84</run_address>
         <size>0x4</size>
         <contents>
         </contents>
      </logical_group>
      <logical_group id="lg-34b" display="no" color="cyan">
         <name>$fill002</name>
         <load_address>0xff88</load_address>
         <run_address>0xff88</run_address>
         <size>0x8</size>
         <contents>
         </contents>
      </logical_group>
      <load_segment id="lg-34d" display="no" color="cyan">
         <name>SEGMENT_0</name>
         <run_address>0x1c00</run_address>
         <size>0x22</size>
         <flags>0x6</flags>
         <contents>
            <logical_group_ref idref="lg-17"/>
            <logical_group_ref idref="lg-18"/>
         </contents>
      </load_segment>
      <load_segment id="lg-34e" display="no" color="cyan">
         <name>SEGMENT_1</name>
         <load_address>0xc200</load_address>
         <run_address>0xc200</run_address>
         <size>0x14</size>
         <flags>0x4</flags>
         <contents>
            <logical_group_ref idref="lg-8"/>
            <logical_group_ref idref="lg-e"/>
         </contents>
      </load_segment>
      <load_segment id="lg-34f" display="no" color="cyan">
         <name>SEGMENT_2</name>
         <load_address>0xc400</load_address>
         <run_address>0xc400</run_address>
         <size>0x1ee</size>
         <flags>0x5</flags>
         <contents>
            <logical_group_ref idref="lg-10"/>
         </contents>
      </load_segment>
      <load_segment id="lg-350" display="no" color="cyan">
         <name>SEGMENT_3</name>
         <load_address>0xff80</load_address>
         <run_address>0xff80</run_address>
         <size>0x10</size>
         <flags>0x4</flags>
         <contents>
            <logical_group_ref idref="lg-347"/>
            <logical_group_ref idref="lg-349"/>
            <logical_group_ref idref="lg-34b"/>
         </contents>
      </load_segment>
      <load_segment id="lg-351" display="no" color="cyan">
         <name>SEGMENT_4</name>
         <load_address>0xffe0</load_address>
         <run_address>0xffe0</run_address>
         <size>0x2</size>
         <flags>0x4</flags>
         <contents>
            <logical_group_ref idref="lg-4e"/>
         </contents>
      </load_segment>
      <load_segment id="lg-352" display="no" color="cyan">
         <name>SEGMENT_5</name>
         <load_address>0xffe8</load_address>
         <run_address>0xffe8</run_address>
         <size>0x2</size>
         <flags>0x4</flags>
         <contents>
            <logical_group_ref idref="lg-56"/>
         </contents>
      </load_segment>
   </logical_group_list>
   <placement_map>
      <memory_area display="no" color="green">
         <name>SFR</name>
         <page_id>0x0</page_id>
         <origin>0x0</origin>
         <length>0x10</length>
         <used_space>0x0</used_space>
         <unused_space>0x10</unused_space>
         <attributes>RWIX</attributes>
         <usage_details>
         </usage_details>
      </memory_area>
      <memory_area display="yes" color="green">
         <name>PERIPHERALS_8BIT</name>
         <page_id>0x0</page_id>
         <origin>0x10</origin>
         <length>0xf0</length>
         <used_space>0x0</used_space>
         <unused_space>0xf0</unused_space>
         <attributes>RWIX</attributes>
         <usage_details>
         </usage_details>
      </memory_area>
      <memory_area display="yes" color="green">
         <name>PERIPHERALS_16BIT</name>
         <page_id>0x0</page_id>
         <origin>0x100</origin>
         <length>0x100</length>
         <used_space>0x0</used_space>
         <unused_space>0x100</unused_space>
         <attributes>RWIX</attributes>
         <usage_details>
         </usage_details>
      </memory_area>
      <memory_area display="yes" color="green">
         <name>INFOB</name>
         <page_id>0x0</page_id>
         <origin>0x1800</origin>
         <length>0x80</length>
         <used_space>0x0</used_space>
         <unused_space>0x80</unused_space>
         <attributes>RWIX</attributes>
         <usage_details>
         </usage_details>
      </memory_area>
      <memory_area display="yes" color="green">
         <name>INFOA</name>
         <page_id>0x0</page_id>
         <origin>0x1880</origin>
         <length>0x80</length>
         <used_space>0x0</used_space>
         <unused_space>0x80</unused_space>
         <attributes>RWIX</attributes>
         <usage_details>
         </usage_details>
      </memory_area>
      <memory_area display="yes" color="green">
         <name>RAM</name>
         <page_id>0x0</page_id>
         <origin>0x1c00</origin>
         <length>0x400</length>
         <used_space>0x22</used_space>
         <unused_space>0x3de</unused_space>
         <attributes>RWIX</attributes>
         <usage_details>
            <allocated_space>
               <start_address>0x1c00</start_address>
               <size>0x1e</size>
               <logical_group_ref idref="lg-17"/>
            </allocated_space>
            <allocated_space>
               <start_address>0x1c1e</start_address>
               <size>0x4</size>
               <logical_group_ref idref="lg-18"/>
            </allocated_space>
            <available_space>
               <start_address>0x1c22</start_address>
               <size>0x3de</size>
            </available_space>
         </usage_details>
      </memory_area>
      <memory_area display="yes" color="green">
         <name>FRAM</name>
         <page_id>0x0</page_id>
         <origin>0xc200</origin>
         <length>0x3d80</length>
         <used_space>0x3ee</used_space>
         <unused_space>0x3992</unused_space>
         <attributes>RWIX</attributes>
         <usage_details>
            <allocated_space>
               <start_address>0xc200</start_address>
               <size>0x3ee</size>
               <logical_group_ref idref="lg-2"/>
            </allocated_space>
            <available_space>
               <start_address>0xc5ee</start_address>
               <size>0x3992</size>
            </available_space>
         </usage_details>
      </memory_area>
      <memory_area display="no" color="green">
         <name>JTAGSIGNATURE</name>
         <page_id>0x0</page_id>
         <origin>0xff80</origin>
         <length>0x4</length>
         <used_space>0x4</used_space>
         <unused_space>0x0</unused_space>
         <attributes>RWIX</attributes>
         <fill_value>0xffff</fill_value>
         <fill_width>0x10</fill_width>
         <virtual_fill>0x0</virtual_fill>
         <usage_details>
            <allocated_space>
               <start_address>0xff80</start_address>
               <size>0x4</size>
               <logical_group_ref idref="lg-347"/>
            </allocated_space>
         </usage_details>
      </memory_area>
      <memory_area display="no" color="green">
         <name>BSLSIGNATURE</name>
         <page_id>0x0</page_id>
         <origin>0xff84</origin>
         <length>0x4</length>
         <used_space>0x4</used_space>
         <unused_space>0x0</unused_space>
         <attributes>RWIX</attributes>
         <fill_value>0xffff</fill_value>
         <fill_width>0x10</fill_width>
         <virtual_fill>0x0</virtual_fill>
         <usage_details>
            <allocated_space>
               <start_address>0xff84</start_address>
               <size>0x4</size>
               <logical_group_ref idref="lg-349"/>
            </allocated_space>
         </usage_details>
      </memory_area>
      <memory_area display="no" color="green">
         <name>IPESIGNATURE</name>
         <page_id>0x0</page_id>
         <origin>0xff88</origin>
         <length>0x8</length>
         <used_space>0x8</used_space>
         <unused_space>0x0</unused_space>
         <attributes>RWIX</attributes>
         <fill_value>0xffff</fill_value>
         <fill_width>0x10</fill_width>
         <virtual_fill>0x0</virtual_fill>
         <usage_details>
            <allocated_space>
               <start_address>0xff88</start_address>
               <size>0x8</size>
               <logical_group_ref idref="lg-34b"/>
            </allocated_space>
         </usage_details>
      </memory_area>
      <memory_area display="no" color="green">
         <name>INT00</name>
         <page_id>0x0</page_id>
         <origin>0xff90</origin>
         <length>0x2</length>
         <used_space>0x0</used_space>
         <unused_space>0x2</unused_space>
         <attributes>RWIX</attributes>
         <usage_details>
         </usage_details>
      </memory_area>
      <memory_area display="no" color="green">
         <name>INT01</name>
         <page_id>0x0</page_id>
         <origin>0xff92</origin>
         <length>0x2</length>
         <used_space>0x0</used_space>
         <unused_space>0x2</unused_space>
         <attributes>RWIX</attributes>
         <usage_details>
         </usage_details>
      </memory_area>
      <memory_area display="no" color="green">
         <name>INT02</name>
         <page_id>0x0</page_id>
         <origin>0xff94</origin>
         <length>0x2</length>
         <used_space>0x0</used_space>
         <unused_space>0x2</unused_space>
         <attributes>RWIX</attributes>
         <usage_details>
         </usage_details>
      </memory_area>
      <memory_area display="no" color="green">
         <name>INT03</name>
         <page_id>0x0</page_id>
         <origin>0xff96</origin>
         <length>0x2</length>
         <used_space>0x0</used_space>
         <unused_space>0x2</unused_space>
         <attributes>RWIX</attributes>
         <usage_details>
         </usage_details>
      </memory_area>
      <memory_area display="no" color="green">
         <name>INT04</name>
         <page_id>0x0</page_id>
         <origin>0xff98</origin>
         <length>0x2</length>
         <used_space>0x0</used_space>
         <unused_space>0x2</unused_space>
         <attributes>RWIX</attributes>
         <usage_details>
         </usage_details>
      </memory_area>
      <memory_area display="no" color="green">
         <name>INT05</name>
         <page_id>0x0</page_id>
         <origin>0xff9a</origin>
         <length>0x2</length>
         <used_space>0x0</used_space>
         <unused_space>0x2</unused_space>
         <attributes>RWIX</attributes>
         <usage_details>
         </usage_details>
      </memory_area>
      <memory_area display="no" color="green">
         <name>INT06</name>
         <page_id>0x0</page_id>
         <origin>0xff9c</origin>
         <length>0x2</length>
         <used_space>0x0</used_space>
         <unused_space>0x2</unused_space>
         <attributes>RWIX</attributes>
         <usage_details>
         </usage_details>
      </memory_area>
      <memory_area display="no" color="green">
         <name>INT07</name>
         <page_id>0x0</page_id>
         <origin>0xff9e</origin>
         <length>0x2</length>
         <used_space>0x0</used_space>
         <unused_space>0x2</unused_space>
         <attributes>RWIX</attributes>
         <usage_details>
         </usage_details>
      </memory_area>
      <memory_area display="no" color="green">
         <name>INT08</name>
         <page_id>0x0</page_id>
         <origin>0xffa0</origin>
         <length>0x2</length>
         <used_space>0x0</used_space>
         <unused_space>0x2</unused_space>
         <attributes>RWIX</attributes>
         <usage_details>
         </usage_details>
      </memory_area>
      <memory_area display="no" color="green">
         <name>INT09</name>
         <page_id>0x0</page_id>
         <origin>0xffa2</origin>
         <length>0x2</length>
         <used_space>0x0</used_space>
         <unused_space>0x2</unused_space>
         <attributes>RWIX</attributes>
         <usage_details>
         </usage_details>
      </memory_area>
      <memory_area display="no" color="green">
         <name>INT10</name>
         <page_id>0x0</page_id>
         <origin>0xffa4</origin>
         <length>0x2</length>
         <used_space>0x0</used_space>
         <unused_space>0x2</unused_space>
         <attributes>RWIX</attributes>
         <usage_details>
         </usage_details>
      </memory_area>
      <memory_area display="no" color="green">
         <name>INT11</name>
         <page_id>0x0</page_id>
         <origin>0xffa6</origin>
         <length>0x2</length>
         <used_space>0x0</used_space>
         <unused_space>0x2</unused_space>
         <attributes>RWIX</attributes>
         <usage_details>
         </usage_details>
      </memory_area>
      <memory_area display="no" color="green">
         <name>INT12</name>
         <page_id>0x0</page_id>
         <origin>0xffa8</origin>
         <length>0x2</length>
         <used_space>0x0</used_space>
         <unused_space>0x2</unused_space>
         <attributes>RWIX</attributes>
         <usage_details>
         </usage_details>
      </memory_area>
      <memory_area display="no" color="green">
         <name>INT13</name>
         <page_id>0x0</page_id>
         <origin>0xffaa</origin>
         <length>0x2</length>
         <used_space>0x0</used_space>
         <unused_space>0x2</unused_space>
         <attributes>RWIX</attributes>
         <usage_details>
         </usage_details>
      </memory_area>
      <memory_area display="no" color="green">
         <name>INT14</name>
         <page_id>0x0</page_id>
         <origin>0xffac</origin>
         <length>0x2</length>
         <used_space>0x0</used_space>
         <unused_space>0x2</unused_space>
         <attributes>RWIX</attributes>
         <usage_details>
         </usage_details>
      </memory_area>
      <memory_area display="no" color="green">
         <name>INT15</name>
         <page_id>0x0</page_id>
         <origin>0xffae</origin>
         <length>0x2</length>
         <used_space>0x0</used_space>
         <unused_space>0x2</unused_space>
         <attributes>RWIX</attributes>
         <usage_details>
         </usage_details>
      </memory_area>
      <memory_area display="no" color="green">
         <name>INT16</name>
         <page_id>0x0</page_id>
         <origin>0xffb0</origin>
         <length>0x2</length>
         <used_space>0x0</used_space>
         <unused_space>0x2</unused_space>
         <attributes>RWIX</attributes>
         <usage_details>
         </usage_details>
      </memory_area>
      <memory_area display="no" color="green">
         <name>INT17</name>
         <page_id>0x0</page_id>
         <origin>0xffb2</origin>
         <length>0x2</length>
         <used_space>0x0</used_space>
         <unused_space>0x2</unused_space>
         <attributes>RWIX</attributes>
         <usage_details>
         </usage_details>
      </memory_area>
      <memory_area display="no" color="green">
         <name>INT18</name>
         <page_id>0x0</page_id>
         <origin>0xffb4</origin>
         <length>0x2</length>
         <used_space>0x0</used_space>
         <unused_space>0x2</unused_space>
         <attributes>RWIX</attributes>
         <usage_details>
         </usage_details>
      </memory_area>
      <memory_area display="no" color="green">
         <name>INT19</name>
         <page_id>0x0</page_id>
         <origin>0xffb6</origin>
         <length>0x2</length>
         <used_space>0x0</used_space>
         <unused_space>0x2</unused_space>
         <attributes>RWIX</attributes>
         <usage_details>
         </usage_details>
      </memory_area>
      <memory_area display="no" color="green">
         <name>INT20</name>
         <page_id>0x0</page_id>
         <origin>0xffb8</origin>
         <length>0x2</length>
         <used_space>0x0</used_space>
         <unused_space>0x2</unused_space>
         <attributes>RWIX</attributes>
         <usage_details>
         </usage_details>
      </memory_area>
      <memory_area display="no" color="green">
         <name>INT21</name>
         <page_id>0x0</page_id>
         <origin>0xffba</origin>
         <length>0x2</length>
         <used_space>0x0</used_space>
         <unused_space>0x2</unused_space>
         <attributes>RWIX</attributes>
         <usage_details>
         </usage_details>
      </memory_area>
      <memory_area display="no" color="green">
         <name>INT22</name>
         <page_id>0x0</page_id>
         <origin>0xffbc</origin>
         <length>0x2</length>
         <used_space>0x0</used_space>
         <unused_space>0x2</unused_space>
         <attributes>RWIX</attributes>
         <usage_details>
         </usage_details>
      </memory_area>
      <memory_area display="no" color="green">
         <name>INT23</name>
         <page_id>0x0</page_id>
         <origin>0xffbe</origin>
         <length>0x2</length>
         <used_space>0x0</used_space>
         <unused_space>0x2</unused_space>
         <attributes>RWIX</attributes>
         <usage_details>
         </usage_details>
      </memory_area>
      <memory_area display="no" color="green">
         <name>INT24</name>
         <page_id>0x0</page_id>
         <origin>0xffc0</origin>
         <length>0x2</length>
         <used_space>0x0</used_space>
         <unused_space>0x2</unused_space>
         <attributes>RWIX</attributes>
         <usage_details>
         </usage_details>
      </memory_area>
      <memory_area display="no" color="green">
         <name>INT25</name>
         <page_id>0x0</page_id>
         <origin>0xffc2</origin>
         <length>0x2</length>
         <used_space>0x0</used_space>
         <unused_space>0x2</unused_space>
         <attributes>RWIX</attributes>
         <usage_details>
         </usage_details>
      </memory_area>
      <memory_area display="no" color="green">
         <name>INT26</name>
         <page_id>0x0</page_id>
         <origin>0xffc4</origin>
         <length>0x2</length>
         <used_space>0x0</used_space>
         <unused_space>0x2</unused_space>
         <attributes>RWIX</attributes>
         <usage_details>
         </usage_details>
      </memory_area>
      <memory_area display="no" color="green">
         <name>INT27</name>
         <page_id>0x0</page_id>
         <origin>0xffc6</origin>
         <length>0x2</length>
         <used_space>0x0</used_space>
         <unused_space>0x2</unused_space>
         <attributes>RWIX</attributes>
         <usage_details>
         </usage_details>
      </memory_area>
      <memory_area display="no" color="green">
         <name>INT28</name>
         <page_id>0x0</page_id>
         <origin>0xffc8</origin>
         <length>0x2</length>
         <used_space>0x0</used_space>
         <unused_space>0x2</unused_space>
         <attributes>RWIX</attributes>
         <usage_details>
         </usage_details>
      </memory_area>
      <memory_area display="no" color="green">
         <name>INT29</name>
         <page_id>0x0</page_id>
         <origin>0xffca</origin>
         <length>0x2</length>
         <used_space>0x0</used_space>
         <unused_space>0x2</unused_space>
         <attributes>RWIX</attributes>
         <usage_details>
         </usage_details>
      </memory_area>
      <memory_area display="no" color="green">
         <name>INT30</name>
         <page_id>0x0</page_id>
         <origin>0xffcc</origin>
         <length>0x2</length>
         <used_space>0x0</used_space>
         <unused_space>0x2</unused_space>
         <attributes>RWIX</attributes>
         <usage_details>
         </usage_details>
      </memory_area>
      <memory_area display="no" color="green">
         <name>INT31</name>
         <page_id>0x0</page_id>
         <origin>0xffce</origin>
         <length>0x2</length>
         <used_space>0x0</used_space>
         <unused_space>0x2</unused_space>
         <attributes>RWIX</attributes>
         <usage_details>
         </usage_details>
      </memory_area>
      <memory_area display="no" color="green">
         <name>INT32</name>
         <page_id>0x0</page_id>
         <origin>0xffd0</origin>
         <length>0x2</length>
         <used_space>0x0</used_space>
         <unused_space>0x2</unused_space>
         <attributes>RWIX</attributes>
         <usage_details>
         </usage_details>
      </memory_area>
      <memory_area display="no" color="green">
         <name>INT33</name>
         <page_id>0x0</page_id>
         <origin>0xffd2</origin>
         <length>0x2</length>
         <used_space>0x0</used_space>
         <unused_space>0x2</unused_space>
         <attributes>RWIX</attributes>
         <usage_details>
         </usage_details>
      </memory_area>
      <memory_area display="no" color="green">
         <name>INT34</name>
         <page_id>0x0</page_id>
         <origin>0xffd4</origin>
         <length>0x2</length>
         <used_space>0x0</used_space>
         <unused_space>0x2</unused_space>
         <attributes>RWIX</attributes>
         <usage_details>
         </usage_details>
      </memory_area>
      <memory_area display="no" color="green">
         <name>INT35</name>
         <page_id>0x0</page_id>
         <origin>0xffd6</origin>
         <length>0x2</length>
         <used_space>0x0</used_space>
         <unused_space>0x2</unused_space>
         <attributes>RWIX</attributes>
         <usage_details>
         </usage_details>
      </memory_area>
      <memory_area display="no" color="green">
         <name>INT36</name>
         <page_id>0x0</page_id>
         <origin>0xffd8</origin>
         <length>0x2</length>
         <used_space>0x0</used_space>
         <unused_space>0x2</unused_space>
         <attributes>RWIX</attributes>
         <usage_details>
         </usage_details>
      </memory_area>
      <memory_area display="no" color="green">
         <name>INT37</name>
         <page_id>0x0</page_id>
         <origin>0xffda</origin>
         <length>0x2</length>
         <used_space>0x0</used_space>
         <unused_space>0x2</unused_space>
         <attributes>RWIX</attributes>
         <usage_details>
         </usage_details>
      </memory_area>
      <memory_area display="no" color="green">
         <name>INT38</name>
         <page_id>0x0</page_id>
         <origin>0xffdc</origin>
         <length>0x2</length>
         <used_space>0x0</used_space>
         <unused_space>0x2</unused_space>
         <attributes>RWIX</attributes>
         <usage_details>
         </usage_details>
      </memory_area>
      <memory_area display="no" color="green">
         <name>INT39</name>
         <page_id>0x0</page_id>
         <origin>0xffde</origin>
         <length>0x2</length>
         <used_space>0x0</used_space>
         <unused_space>0x2</unused_space>
         <attributes>RWIX</attributes>
         <usage_details>
         </usage_details>
      </memory_area>
      <memory_area display="no" color="green">
         <name>INT40</name>
         <page_id>0x0</page_id>
         <origin>0xffe0</origin>
         <length>0x2</length>
         <used_space>0x2</used_space>
         <unused_space>0x0</unused_space>
         <attributes>RWIX</attributes>
         <usage_details>
            <allocated_space>
               <start_address>0xffe0</start_address>
               <size>0x2</size>
               <logical_group_ref idref="lg-4e"/>
            </allocated_space>
         </usage_details>
      </memory_area>
      <memory_area display="no" color="green">
         <name>INT41</name>
         <page_id>0x0</page_id>
         <origin>0xffe2</origin>
         <length>0x2</length>
         <used_space>0x0</used_space>
         <unused_space>0x2</unused_space>
         <attributes>RWIX</attributes>
         <usage_details>
         </usage_details>
      </memory_area>
      <memory_area display="no" color="green">
         <name>INT42</name>
         <page_id>0x0</page_id>
         <origin>0xffe4</origin>
         <length>0x2</length>
         <used_space>0x0</used_space>
         <unused_space>0x2</unused_space>
         <attributes>RWIX</attributes>
         <usage_details>
         </usage_details>
      </memory_area>
      <memory_area display="no" color="green">
         <name>INT43</name>
         <page_id>0x0</page_id>
         <origin>0xffe6</origin>
         <length>0x2</length>
         <used_space>0x0</used_space>
         <unused_space>0x2</unused_space>
         <attributes>RWIX</attributes>
         <usage_details>
         </usage_details>
      </memory_area>
      <memory_area display="no" color="green">
         <name>INT44</name>
         <page_id>0x0</page_id>
         <origin>0xffe8</origin>
         <length>0x2</length>
         <used_space>0x2</used_space>
         <unused_space>0x0</unused_space>
         <attributes>RWIX</attributes>
         <usage_details>
            <allocated_space>
               <start_address>0xffe8</start_address>
               <size>0x2</size>
               <logical_group_ref idref="lg-56"/>
            </allocated_space>
         </usage_details>
      </memory_area>
      <memory_area display="no" color="green">
         <name>INT45</name>
         <page_id>0x0</page_id>
         <origin>0xffea</origin>
         <length>0x2</length>
         <used_space>0x0</used_space>
         <unused_space>0x2</unused_space>
         <attributes>RWIX</attributes>
         <usage_details>
         </usage_details>
      </memory_area>
      <memory_area display="no" color="green">
         <name>INT46</name>
         <page_id>0x0</page_id>
         <origin>0xffec</origin>
         <length>0x2</length>
         <used_space>0x0</used_space>
         <unused_space>0x2</unused_space>
         <attributes>RWIX</attributes>
         <usage_details>
         </usage_details>
      </memory_area>
      <memory_area display="no" color="green">
         <name>INT47</name>
         <page_id>0x0</page_id>
         <origin>0xffee</origin>
         <length>0x2</length>
         <used_space>0x0</used_space>
         <unused_space>0x2</unused_space>
         <attributes>RWIX</attributes>
         <usage_details>
         </usage_details>
      </memory_area>
      <memory_area display="no" color="green">
         <name>INT48</name>
         <page_id>0x0</page_id>
         <origin>0xfff0</origin>
         <length>0x2</length>
         <used_space>0x0</used_space>
         <unused_space>0x2</unused_space>
         <attributes>RWIX</attributes>
         <usage_details>
         </usage_details>
      </memory_area>
      <memory_area display="no" color="green">
         <name>INT49</name>
         <page_id>0x0</page_id>
         <origin>0xfff2</origin>
         <length>0x2</length>
         <used_space>0x0</used_space>
         <unused_space>0x2</unused_space>
         <attributes>RWIX</attributes>
         <usage_details>
         </usage_details>
      </memory_area>
      <memory_area display="no" color="green">
         <name>INT50</name>
         <page_id>0x0</page_id>
         <origin>0xfff4</origin>
         <length>0x2</length>
         <used_space>0x0</used_space>
         <unused_space>0x2</unused_space>
         <attributes>RWIX</attributes>
         <usage_details>
         </usage_details>
      </memory_area>
      <memory_area display="no" color="green">
         <name>INT51</name>
         <page_id>0x0</page_id>
         <origin>0xfff6</origin>
         <length>0x2</length>
         <used_space>0x0</used_space>
         <unused_space>0x2</unused_space>
         <attributes>RWIX</attributes>
         <usage_details>
         </usage_details>
      </memory_area>
      <memory_area display="no" color="green">
         <name>INT52</name>
         <page_id>0x0</page_id>
         <origin>0xfff8</origin>
         <length>0x2</length>
         <used_space>0x0</used_space>
         <unused_space>0x2</unused_space>
         <attributes>RWIX</attributes>
         <usage_details>
         </usage_details>
      </memory_area>
      <memory_area display="no" color="green">
         <name>INT53</name>
         <page_id>0x0</page_id>
         <origin>0xfffa</origin>
         <length>0x2</length>
         <used_space>0x0</used_space>
         <unused_space>0x2</unused_space>
         <attributes>RWIX</attributes>
         <usage_details>
         </usage_details>
      </memory_area>
      <memory_area display="no" color="green">
         <name>INT54</name>
         <page_id>0x0</page_id>
         <origin>0xfffc</origin>
         <length>0x2</length>
         <used_space>0x0</used_space>
[...]
         <value>0x392</value>
      </symbol>
      <symbol id="sm-189">
         <name>TA1CCR1</name>
         <value>0x394</value>
      </symbol>
      <symbol id="sm-18a">
         <name>TA1CCR2</name>
         <value>0x396</value>
      </symbol>
      <symbol id="sm-18b">
         <name>TA1IV</name>
         <value>0x3ae</value>
      </symbol>
      <symbol id="sm-18c">
         <name>TA1EX0</name>
         <value>0x3a0</value>
      </symbol>
      <symbol id="sm-18d">
         <name>TB0CTL</name>
         <value>0x3c0</value>
      </symbol>
      <symbol id="sm-18e">
         <name>TB0CCTL0</name>
         <value>0x3c2</value>
      </symbol>
      <symbol id="sm-18f">
         <name>TB0CCTL1</name>
         <value>0x3c4</value>
      </symbol>
      <symbol id="sm-190">
         <name>TB0CCTL2</name>
         <value>0x3c6</value>
      </symbol>
      <symbol id="sm-191">
         <name>TB0R</name>
         <value>0x3d0</value>
      </symbol>
      <symbol id="sm-192">
         <name>TB0CCR0</name>
         <value>0x3d2</value>
      </symbol>
      <symbol id="sm-193">
         <name>TB0CCR1</name>
         <value>0x3d4</value>
      </symbol>
      <symbol id="sm-194">
         <name>TB0CCR2</name>
         <value>0x3d6</value>
      </symbol>
      <symbol id="sm-195">
         <name>TB0EX0</name>
         <value>0x3e0</value>
      </symbol>
      <symbol id="sm-196">
         <name>TB0IV</name>
         <value>0x3ee</value>
      </symbol>
      <symbol id="sm-197">
         <name>TB1CTL</name>
         <value>0x400</value>
      </symbol>
      <symbol id="sm-198">
         <name>TB1CCTL0</name>
         <value>0x402</value>
      </symbol>
      <symbol id="sm-199">
         <name>TB1CCTL1</name>
         <value>0x404</value>
      </symbol>
      <symbol id="sm-19a">
         <name>TB1CCTL2</name>
         <value>0x406</value>
      </symbol>
      <symbol id="sm-19b">
         <name>TB1R</name>
         <value>0x410</value>
      </symbol>
      <symbol id="sm-19c">
         <name>TB1CCR0</name>
         <value>0x412</value>
      </symbol>
      <symbol id="sm-19d">
         <name>TB1CCR1</name>
         <value>0x414</value>
      </symbol>
      <symbol id="sm-19e">
         <name>TB1CCR2</name>
         <value>0x416</value>
      </symbol>
      <symbol id="sm-19f">
         <name>TB1IV</name>
         <value>0x42e</value>
      </symbol>
      <symbol id="sm-1a0">
         <name>TB1EX0</name>
         <value>0x420</value>
      </symbol>
      <symbol id="sm-1a1">
         <name>TB2CTL</name>
         <value>0x440</value>
      </symbol>
      <symbol id="sm-1a2">
         <name>TB2CCTL0</name>
         <value>0x442</value>
      </symbol>
      <symbol id="sm-1a3">
         <name>TB2CCTL1</name>
         <value>0x444</value>
      </symbol>
      <symbol id="sm-1a4">
         <name>TB2CCTL2</name>
         <value>0x446</value>
      </symbol>
      <symbol id="sm-1a5">
         <name>TB2R</name>
         <value>0x450</value>
      </symbol>
      <symbol id="sm-1a6">
         <name>TB2CCR0</name>
         <value>0x452</value>
      </symbol>
      <symbol id="sm-1a7">
         <name>TB2CCR1</name>
         <value>0x454</value>
      </symbol>
      <symbol id="sm-1a8">
         <name>TB2CCR2</name>
         <value>0x456</value>
      </symbol>
      <symbol id="sm-1a9">
         <name>TB2IV</name>
         <value>0x46e</value>
      </symbol>
      <symbol id="sm-1aa">
         <name>TB2EX0</name>
         <value>0x460</value>
      </symbol>
      <symbol id="sm-1ab">
         <name>UCA0CTLW0</name>
         <value>0x5c0</value>
      </symbol>
      <symbol id="sm-1ac">
         <name>UCA0CTLW0_L</name>
         <value>0x5c0</value>
      </symbol>
      <symbol id="sm-1ad">
         <name>UCA0CTLW0_H</name>
         <value>0x5c1</value>
      </symbol>
      <symbol id="sm-1ae">
         <name>UCA0CTLW1</name>
         <value>0x5c2</value>
      </symbol>
      <symbol id="sm-1af">
         <name>UCA0CTLW1_L</name>
         <value>0x5c2</value>
      </symbol>
      <symbol id="sm-1b0">
         <name>UCA0CTLW1_H</name>
         <value>0x5c3</value>
      </symbol>
      <symbol id="sm-1b1">
         <name>UCA0BRW</name>
         <value>0x5c6</value>
      </symbol>
      <symbol id="sm-1b2">
         <name>UCA0BRW_L</name>
         <value>0x5c6</value>
      </symbol>
      <symbol id="sm-1b3">
         <name>UCA0BRW_H</name>
         <value>0x5c7</value>
      </symbol>
      <symbol id="sm-1b4">
         <name>UCA0MCTLW</name>
         <value>0x5c8</value>
      </symbol>
      <symbol id="sm-1b5">
         <name>UCA0MCTLW_L</name>
         <value>0x5c8</value>
      </symbol>
      <symbol id="sm-1b6">
         <name>UCA0MCTLW_H</name>
         <value>0x5c9</value>
      </symbol>
      <symbol id="sm-1b7">
         <name>UCA0STATW</name>
         <value>0x5ca</value>
      </symbol>
      <symbol id="sm-1b8">
         <name>UCA0RXBUF</name>
         <value>0x5cc</value>
      </symbol>
      <symbol id="sm-1b9">
         <name>UCA0RXBUF_L</name>
         <value>0x5cc</value>
      </symbol>
      <symbol id="sm-1ba">
         <name>UCA0RXBUF_H</name>
         <value>0x5cd</value>
      </symbol>
      <symbol id="sm-1bb">
         <name>UCA0TXBUF</name>
         <value>0x5ce</value>
      </symbol>
      <symbol id="sm-1bc">
         <name>UCA0TXBUF_L</name>
         <value>0x5ce</value>
      </symbol>
      <symbol id="sm-1bd">
         <name>UCA0TXBUF_H</name>
         <value>0x5cf</value>
      </symbol>
      <symbol id="sm-1be">
         <name>UCA0ABCTL</name>
         <value>0x5d0</value>
      </symbol>
      <symbol id="sm-1bf">
         <name>UCA0IRCTL</name>
         <value>0x5d2</value>
      </symbol>
      <symbol id="sm-1c0">
         <name>UCA0IRCTL_L</name>
         <value>0x5d2</value>
      </symbol>
      <symbol id="sm-1c1">
         <name>UCA0IRCTL_H</name>
         <value>0x5d3</value>
      </symbol>
      <symbol id="sm-1c2">
         <name>UCA0IE</name>
         <value>0x5da</value>
      </symbol>
      <symbol id="sm-1c3">
         <name>UCA0IE_L</name>
         <value>0x5da</value>
      </symbol>
      <symbol id="sm-1c4">
         <name>UCA0IE_H</name>
         <value>0x5db</value>
      </symbol>
      <symbol id="sm-1c5">
         <name>UCA0IFG</name>
         <value>0x5dc</value>
      </symbol>
      <symbol id="sm-1c6">
         <name>UCA0IFG_L</name>
         <value>0x5dc</value>
      </symbol>
      <symbol id="sm-1c7">
         <name>UCA0IFG_H</name>
         <value>0x5dd</value>
      </symbol>
      <symbol id="sm-1c8">
         <name>UCA0IV</name>
         <value>0x5de</value>
      </symbol>
      <symbol id="sm-1c9">
         <name>UCB0CTLW0</name>
         <value>0x640</value>
      </symbol>
      <symbol id="sm-1ca">
         <name>UCB0CTLW0_L</name>
         <value>0x640</value>
      </symbol>
      <symbol id="sm-1cb">
         <name>UCB0CTLW0_H</name>
         <value>0x641</value>
      </symbol>
      <symbol id="sm-1cc">
         <name>UCB0CTLW1</name>
         <value>0x642</value>
      </symbol>
      <symbol id="sm-1cd">
         <name>UCB0CTLW1_L</name>
         <value>0x642</value>
      </symbol>
      <symbol id="sm-1ce">
         <name>UCB0CTLW1_H</name>
         <value>0x643</value>
      </symbol>
      <symbol id="sm-1cf">
         <name>UCB0BRW</name>
         <value>0x646</value>
      </symbol>
      <symbol id="sm-1d0">
         <name>UCB0BRW_L</name>
         <value>0x646</value>
      </symbol>
      <symbol id="sm-1d1">
         <name>UCB0BRW_H</name>
         <value>0x647</value>
      </symbol>
      <symbol id="sm-1d2">
         <name>UCB0STATW</name>
         <value>0x648</value>
      </symbol>
      <symbol id="sm-1d3">
         <name>UCB0STATW_L</name>
         <value>0x648</value>
      </symbol>
      <symbol id="sm-1d4">
         <name>UCB0STATW_H</name>
         <value>0x649</value>
      </symbol>
      <symbol id="sm-1d5">
         <name>UCB0TBCNT</name>
         <value>0x64a</value>
      </symbol>
      <symbol id="sm-1d6">
         <name>UCB0TBCNT_L</name>
         <value>0x64a</value>
      </symbol>
      <symbol id="sm-1d7">
         <name>UCB0TBCNT_H</name>
         <value>0x64b</value>
      </symbol>
      <symbol id="sm-1d8">
         <name>UCB0RXBUF</name>
         <value>0x64c</value>
      </symbol>
      <symbol id="sm-1d9">
         <name>UCB0RXBUF_L</name>
         <value>0x64c</value>
      </symbol>
      <symbol id="sm-1da">
         <name>UCB0RXBUF_H</name>
         <value>0x64d</value>
      </symbol>
      <symbol id="sm-1db">
         <name>UCB0TXBUF</name>
         <value>0x64e</value>
      </symbol>
      <symbol id="sm-1dc">
         <name>UCB0TXBUF_L</name>
         <value>0x64e</value>
      </symbol>
      <symbol id="sm-1dd">
         <name>UCB0TXBUF_H</name>
         <value>0x64f</value>
      </symbol>
      <symbol id="sm-1de">
         <name>UCB0I2COA0</name>
         <value>0x654</value>
      </symbol>
      <symbol id="sm-1df">
         <name>UCB0I2COA0_L</name>
         <value>0x654</value>
      </symbol>
      <symbol id="sm-1e0">
         <name>UCB0I2COA0_H</name>
         <value>0x655</value>
      </symbol>
      <symbol id="sm-1e1">
         <name>UCB0I2COA1</name>
         <value>0x656</value>
      </symbol>
      <symbol id="sm-1e2">
         <name>UCB0I2COA1_L</name>
         <value>0x656</value>
      </symbol>
      <symbol id="sm-1e3">
         <name>UCB0I2COA1_H</name>
         <value>0x657</value>
      </symbol>
      <symbol id="sm-1e4">
         <name>UCB0I2COA2</name>
         <value>0x658</value>
      </symbol>
      <symbol id="sm-1e5">
         <name>UCB0I2COA2_L</name>
         <value>0x658</value>
      </symbol>
      <symbol id="sm-1e6">
         <name>UCB0I2COA2_H</name>
         <value>0x659</value>
      </symbol>
      <symbol id="sm-1e7">
         <name>UCB0I2COA3</name>
         <value>0x65a</value>
      </symbol>
      <symbol id="sm-1e8">
         <name>UCB0I2COA3_L</name>
         <value>0x65a</value>
      </symbol>
      <symbol id="sm-1e9">
         <name>UCB0I2COA3_H</name>
         <value>0x65b</value>
      </symbol>
      <symbol id="sm-1ea">
         <name>UCB0ADDRX</name>
         <value>0x65c</value>
      </symbol>
      <symbol id="sm-1eb">
         <name>UCB0ADDRX_L</name>
         <value>0x65c</value>
      </symbol>
      <symbol id="sm-1ec">
         <name>UCB0ADDRX_H</name>
         <value>0x65d</value>
      </symbol>
      <symbol id="sm-1ed">
         <name>UCB0ADDMASK</name>
         <value>0x65e</value>
      </symbol>
      <symbol id="sm-1ee">
         <name>UCB0ADDMASK_L</name>
         <value>0x65e</value>
      </symbol>
      <symbol id="sm-1ef">
         <name>UCB0ADDMASK_H</name>
         <value>0x65f</value>
      </symbol>
      <symbol id="sm-1f0">
         <name>UCB0I2CSA</name>
         <value>0x660</value>
      </symbol>
      <symbol id="sm-1f1">
         <name>UCB0I2CSA_L</name>
         <value>0x660</value>
      </symbol>
      <symbol id="sm-1f2">
         <name>UCB0I2CSA_H</name>
         <value>0x661</value>
      </symbol>
      <symbol id="sm-1f3">
         <name>UCB0IE</name>
         <value>0x66a</value>
      </symbol>
      <symbol id="sm-1f4">
         <name>UCB0IE_L</name>
         <value>0x66a</value>
      </symbol>
      <symbol id="sm-1f5">
         <name>UCB0IE_H</name>
         <value>0x66b</value>
      </symbol>
      <symbol id="sm-1f6">
         <name>UCB0IFG</name>
         <value>0x66c</value>
      </symbol>
      <symbol id="sm-1f7">
         <name>UCB0IFG_L</name>
         <value>0x66c</value>
      </symbol>
      <symbol id="sm-1f8">
         <name>UCB0IFG_H</name>
         <value>0x66d</value>
      </symbol>
      <symbol id="sm-1f9">
         <name>UCB0IV</name>
         <value>0x66e</value>
      </symbol>
      <symbol id="sm-1fa">
         <name>UCA1CTLW0</name>
         <value>0x5e0</value>
      </symbol>
      <symbol id="sm-1fb">
         <name>UCA1CTLW0_L</name>
         <value>0x5e0</value>
      </symbol>
      <symbol id="sm-1fc">
         <name>UCA1CTLW0_H</name>
         <value>0x5e1</value>
      </symbol>
      <symbol id="sm-1fd">
         <name>UCA1CTLW1</name>
         <value>0x5e2</value>
      </symbol>
      <symbol id="sm-1fe">
         <name>UCA1CTLW1_L</name>
         <value>0x5e2</value>
      </symbol>
      <symbol id="sm-1ff">
         <name>UCA1CTLW1_H</name>
         <value>0x5e3</value>
      </symbol>
      <symbol id="sm-200">
         <name>UCA1BRW</name>
         <value>0x5e6</value>
      </symbol>
      <symbol id="sm-201">
         <name>UCA1BRW_L</name>
         <value>0x5e6</value>
      </symbol>
      <symbol id="sm-202">
         <name>UCA1BRW_H</name>
         <value>0x5e7</value>
      </symbol>
      <symbol id="sm-203">
         <name>UCA1MCTLW</name>
         <value>0x5e8</value>
      </symbol>
      <symbol id="sm-204">
         <name>UCA1MCTLW_L</name>
         <value>0x5e8</value>
      </symbol>
      <symbol id="sm-205">
         <name>UCA1MCTLW_H</name>
         <value>0x5e9</value>
      </symbol>
      <symbol id="sm-206">
         <name>UCA1STATW</name>
         <value>0x5ea</value>
      </symbol>
      <symbol id="sm-207">
         <name>UCA1RXBUF</name>
         <value>0x5ec</value>
      </symbol>
      <symbol id="sm-208">
         <name>UCA1RXBUF_L</name>
         <value>0x5ec</value>
      </symbol>
      <symbol id="sm-209">
         <name>UCA1RXBUF_H</name>
         <value>0x5ed</value>
      </symbol>
      <symbol id="sm-20a">
         <name>UCA1TXBUF</name>
         <value>0x5ee</value>
      </symbol>
      <symbol id="sm-20b">
         <name>UCA1TXBUF_L</name>
         <value>0x5ee</value>
      </symbol>
      <symbol id="sm-20c">
         <name>UCA1TXBUF_H</name>
         <value>0x5ef</value>
      </symbol>
      <symbol id="sm-20d">
         <name>UCA1ABCTL</name>
         <value>0x5f0</value>
      </symbol>
      <symbol id="sm-20e">
         <name>UCA1IRCTL</name>
         <value>0x5f2</value>
      </symbol>
      <symbol id="sm-20f">
         <name>UCA1IRCTL_L</name>
         <value>0x5f2</value>
      </symbol>
      <symbol id="sm-210">
         <name>UCA1IRCTL_H</name>
         <value>0x5f3</value>
      </symbol>
      <symbol id="sm-211">
         <name>UCA1IE</name>
         <value>0x5fa</value>
      </symbol>
      <symbol id="sm-212">
         <name>UCA1IE_L</name>
         <value>0x5fa</value>
      </symbol>
      <symbol id="sm-213">
         <name>UCA1IE_H</name>
         <value>0x5fb</value>
      </symbol>
      <symbol id="sm-214">
         <name>UCA1IFG</name>
         <value>0x5fc</value>
      </symbol>
      <symbol id="sm-215">
         <name>UCA1IFG_L</name>
         <value>0x5fc</value>
      </symbol>
      <symbol id="sm-216">
         <name>UCA1IFG_H</name>
         <value>0x5fd</value>
      </symbol>
      <symbol id="sm-217">
         <name>UCA1IV</name>
         <value>0x5fe</value>
      </symbol>
      <symbol id="sm-218">
         <name>WDTCTL</name>
         <value>0x15c</value>
      </symbol>
      <symbol id="sm-219">
         <name>WDTCTL_L</name>
         <value>0x15c</value>
      </symbol>
      <symbol id="sm-21a">
         <name>WDTCTL_H</name>
         <value>0x15d</value>
      </symbol>
      <symbol id="sm-21b">
         <name>fram_rw_start</name>
         <value>0xc200</value>
      </symbol>
      <symbol id="sm-21c">
         <name>fram_ro_start</name>
         <value>0xc200</value>
      </symbol>
      <symbol id="sm-21d">
         <name>fram_rx_start</name>
         <value>0xc400</value>
      </symbol>
      <symbol id="sm-21e">
         <name>__TI_CINIT_Base</name>
         <value>0xc20a</value>
      </symbol>
      <symbol id="sm-21f">
         <name>__TI_CINIT_Limit</name>
         <value>0xc20e</value>
      </symbol>
      <symbol id="sm-220">
         <name>__TI_CINIT_Warm</name>
         <value>0xc20e</value>
      </symbol>
      <symbol id="sm-221">
         <name>__TI_Handler_Table_Base</name>
         <value>0xc208</value>
      </symbol>
      <symbol id="sm-222">
         <name>__TI_Handler_Table_Limit</name>
         <value>0xc20a</value>
      </symbol>
      <symbol id="sm-223">
         <name>__c_args__</name>
         <value>0xffffffff</value>
      </symbol>
      <symbol id="sm-224">
         <name>__TI_pprof_out_hndl</name>
         <value>0xffffffff</value>
      </symbol>
      <symbol id="sm-225">
         <name>__TI_prof_data_start</name>
         <value>0xffffffff</value>
      </symbol>
      <symbol id="sm-226">
         <name>__TI_prof_data_size</name>
         <value>0xffffffff</value>
      </symbol>
      <symbol id="sm-2fd">
         <name>TIMER1_A1_ISR</name>
         <value>0xc400</value>
         <object_component_ref idref="oc-28d"/>
      </symbol>
      <symbol id="sm-2fe">
         <name>__TI_int44</name>
         <value>0xffe8</value>
         <object_component_ref idref="oc-6f"/>
      </symbol>
      <symbol id="sm-2ff">
         <name>__TI_int40</name>
         <value>0xffe0</value>
         <object_component_ref idref="oc-6e"/>
      </symbol>
      <symbol id="sm-300">
         <name>TIMER0_A1_ISR</name>
         <value>0xc5b0</value>
         <object_component_ref idref="oc-293"/>
      </symbol>
      <symbol id="sm-305">
         <name>__TI_decompress_none</name>
         <value>0x0</value>
      </symbol>
      <symbol id="sm-306">
         <name>__TI_int31</name>
         <value>0x0</value>
      </symbol>
      <symbol id="sm-307">
         <name>__TI_int32</name>
         <value>0x0</value>
      </symbol>
      <symbol id="sm-308">
         <name>__TI_int33</name>
         <value>0x0</value>
      </symbol>
      <symbol id="sm-309">
         <name>__TI_int34</name>
         <value>0x0</value>
      </symbol>
      <symbol id="sm-30a">
         <name>__TI_int35</name>
         <value>0x0</value>
      </symbol>
      <symbol id="sm-30b">
         <name>__TI_int36</name>
         <value>0x0</value>
      </symbol>
      <symbol id="sm-30c">
         <name>__TI_int37</name>
         <value>0x0</value>
      </symbol>
      <symbol id="sm-30d">
         <name>__TI_int38</name>
         <value>0x0</value>
      </symbol>
      <symbol id="sm-30e">
         <name>__TI_int39</name>
         <value>0x0</value>
      </symbol>
      <symbol id="sm-30f">
         <name>__TI_int41</name>
         <value>0x0</value>
      </symbol>
      <symbol id="sm-310">
         <name>__TI_int42</name>
         <value>0x0</value>
      </symbol>
      <symbol id="sm-311">
         <name>__TI_int43</name>
         <value>0x0</value>
      </symbol>
      <symbol id="sm-312">
         <name>__TI_int45</name>
         <value>0x0</value>
      </symbol>
      <symbol id="sm-313">
         <name>__TI_int46</name>
         <value>0x0</value>
      </symbol>
      <symbol id="sm-314">
         <name>__TI_int47</name>
         <value>0x0</value>
      </symbol>
      <symbol id="sm-315">
         <name>__TI_int48</name>
         <value>0x0</value>
      </symbol>
      <symbol id="sm-316">
         <name>__TI_int49</name>
         <value>0x0</value>
      </symbol>
      <symbol id="sm-317">
         <name>__TI_int50</name>
         <value>0x0</value>
      </symbol>
      <symbol id="sm-318">
         <name>__TI_int51</name>
         <value>0x0</value>
      </symbol>
      <symbol id="sm-319">
         <name>__TI_int52</name>
         <value>0x0</value>
      </symbol>
      <symbol id="sm-31a">
         <name>__TI_int53</name>
         <value>0x0</value>
      </symbol>
      <symbol id="sm-31b">
         <name>__TI_int54</name>
         <value>0x0</value>
      </symbol>
      <symbol id="sm-31c">
         <name>_c_int00</name>
         <value>0x0</value>
      </symbol>
   </symbol_table>
   <title>Link errors: red sections failed placement</title>
</link_info>
